#
# There is insufficient memory for the Java Runtime Environment to continue.
# Native memory allocation (malloc) failed to allocate 32744 bytes for ChunkPool::allocate
# Possible reasons:
#   The system is out of physical RAM or swap space
#   The process is running with CompressedOops enabled, and the Java Heap may be blocking the growth of the native heap
# Possible solutions:
#   Reduce memory load on the system
#   Increase physical memory or swap space
#   Check if swap backing store is full
#   Decrease Java heap size (-Xmx/-Xms)
#   Decrease number of Java threads
#   Decrease Java thread stack sizes (-Xss)
#   Set larger code cache with -XX:ReservedCodeCacheSize=
#   JVM is running with Unscaled Compressed Oops mode in which the Java heap is
#     placed in the first 4GB address space. The Java Heap base address is the
#     maximum limit for the native heap growth. Please use -XX:HeapBaseMinAddress
#     to set the Java Heap base and to place the Java Heap above 4GB virtual address.
# This output file may be truncated or incomplete.
#
#  Out of Memory Error (arena.cpp:78), pid=6480, tid=6460
#
# JRE version: Java(TM) SE Runtime Environment (17.0.12+8) (build 17.0.12+8-LTS-286)
# Java VM: Java HotSpot(TM) 64-Bit Server VM (17.0.12+8-LTS-286, mixed mode, sharing, tiered, compressed oops, compressed class ptrs, g1 gc, windows-amd64)
# No core dump will be written. Minidumps are not enabled by default on client versions of Windows
#

---------------  S U M M A R Y ------------

Command Line: C:\Users\Admin\AppData\Local\Temp\surefire14827432425653491241\surefirebooter-20260417235201400_3.jar C:\Users\Admin\AppData\Local\Temp\surefire14827432425653491241 2026-04-17T23-52-00_670-jvmRun1 surefire-20260417235201400_1tmp surefire_0-20260417235201400_2tmp

Host: Intel(R) Core(TM) i3-2100 CPU @ 3.10GHz, 4 cores, 7G,  Windows 10 , 64 bit Build 19041 (10.0.19041.5915)
Time: Fri Apr 17 23:52:05 2026 Sri Lanka Standard Time elapsed time: 2.352358 seconds (0d 0h 0m 2s)

---------------  T H R E A D  ---------------

Current thread (0x000001d7ffc6f9b0):  JavaThread "C2 CompilerThread0" daemon [_thread_in_native, id=6460, stack(0x0000008d8f300000,0x0000008d8f400000)]


Current CompileTask:
C2:   2352  698       4       java.util.jar.JarFile::getEntry (35 bytes)

Stack: [0x0000008d8f300000,0x0000008d8f400000]
Native frames: (J=compiled Java code, j=interpreted, Vv=VM code, C=native code)
V  [jvm.dll+0x67a04a]
V  [jvm.dll+0x7da4ed]
V  [jvm.dll+0x7dbe33]
V  [jvm.dll+0x7dc4a3]
V  [jvm.dll+0x24508f]
V  [jvm.dll+0xab9a4]
V  [jvm.dll+0xabd3c]
V  [jvm.dll+0xab884]
V  [jvm.dll+0x658db1]
V  [jvm.dll+0x6577b8]
V  [jvm.dll+0x61e0db]
V  [jvm.dll+0x347d22]
V  [jvm.dll+0x112e21]
V  [jvm.dll+0x640ecf]
V  [jvm.dll+0x112c9c]
V  [jvm.dll+0x33c4ca]
V  [jvm.dll+0x695b36]
V  [jvm.dll+0x694e42]
V  [jvm.dll+0x690266]
V  [jvm.dll+0x68a3d5]
V  [jvm.dll+0x689a20]
V  [jvm.dll+0x687932]
V  [jvm.dll+0x1a5bac]
V  [jvm.dll+0x1a6708]
V  [jvm.dll+0x2a975c]
V  [jvm.dll+0x6923b6]
V  [jvm.dll+0x68a3d5]
V  [jvm.dll+0x689a20]
V  [jvm.dll+0x687932]
V  [jvm.dll+0x1a5bac]
V  [jvm.dll+0x2a975c]
V  [jvm.dll+0x6923b6]
V  [jvm.dll+0x68a3d5]
V  [jvm.dll+0x689a20]
V  [jvm.dll+0x687932]
V  [jvm.dll+0x1a5bac]
V  [jvm.dll+0x215818]
V  [jvm.dll+0x1a2960]
V  [jvm.dll+0x22610b]
V  [jvm.dll+0x2242ab]
V  [jvm.dll+0x79075c]
V  [jvm.dll+0x78abea]
V  [jvm.dll+0x678f35]
C  [ucrtbase.dll+0x21bb2]
C  [KERNEL32.DLL+0x17374]
C  [ntdll.dll+0x4cc91]


---------------  P R O C E S S  ---------------

Threads class SMR info:
_java_thread_list=0x000001d7d669afc0, length=14, elements={
0x000001d7f33a4ff0, 0x000001d7ffc577a0, 0x000001d7ffc58230, 0x000001d7ffc6bd80,
0x000001d7ffc6e460, 0x000001d7ffc6ea30, 0x000001d7ffc6f000, 0x000001d7ffc6f9b0,
0x000001d7ffc73430, 0x000001d7ffcf11c0, 0x000001d7d60acc30, 0x000001d7d60b1970,
0x000001d7d63122f0, 0x000001d7d66a97e0
}

Java Threads: ( => current thread )
  0x000001d7f33a4ff0 JavaThread "main" [_thread_in_Java, id=18808, stack(0x0000008d8e600000,0x0000008d8e700000)]
  0x000001d7ffc577a0 JavaThread "Reference Handler" daemon [_thread_blocked, id=17880, stack(0x0000008d8ed00000,0x0000008d8ee00000)]
  0x000001d7ffc58230 JavaThread "Finalizer" daemon [_thread_blocked, id=20240, stack(0x0000008d8ee00000,0x0000008d8ef00000)]
  0x000001d7ffc6bd80 JavaThread "Signal Dispatcher" daemon [_thread_blocked, id=19124, stack(0x0000008d8ef00000,0x0000008d8f000000)]
  0x000001d7ffc6e460 JavaThread "Attach Listener" daemon [_thread_blocked, id=19432, stack(0x0000008d8f000000,0x0000008d8f100000)]
  0x000001d7ffc6ea30 JavaThread "Service Thread" daemon [_thread_blocked, id=2668, stack(0x0000008d8f100000,0x0000008d8f200000)]
  0x000001d7ffc6f000 JavaThread "Monitor Deflation Thread" daemon [_thread_blocked, id=19656, stack(0x0000008d8f200000,0x0000008d8f300000)]
=>0x000001d7ffc6f9b0 JavaThread "C2 CompilerThread0" daemon [_thread_in_native, id=6460, stack(0x0000008d8f300000,0x0000008d8f400000)]
  0x000001d7ffc73430 JavaThread "C1 CompilerThread0" daemon [_thread_blocked, id=5968, stack(0x0000008d8f400000,0x0000008d8f500000)]
  0x000001d7ffcf11c0 JavaThread "Sweeper thread" daemon [_thread_blocked, id=20172, stack(0x0000008d8f500000,0x0000008d8f600000)]
  0x000001d7d60acc30 JavaThread "Notification Thread" daemon [_thread_blocked, id=2624, stack(0x0000008d8f600000,0x0000008d8f700000)]
  0x000001d7d60b1970 JavaThread "Common-Cleaner" daemon [_thread_blocked, id=8072, stack(0x0000008d8f800000,0x0000008d8f900000)]
  0x000001d7d63122f0 JavaThread "surefire-forkedjvm-stream-flusher" daemon [_thread_blocked, id=17976, stack(0x0000008d8f900000,0x0000008d8fa00000)]
  0x000001d7d66a97e0 JavaThread "surefire-forkedjvm-command-thread" daemon [_thread_in_native, id=16556, stack(0x0000008d8fa00000,0x0000008d8fb00000)]

Other Threads:
  0x000001d7ffc4fb20 VMThread "VM Thread" [stack: 0x0000008d8ec00000,0x0000008d8ed00000] [id=19140]
  0x000001d7d60ad110 WatcherThread [stack: 0x0000008d8f700000,0x0000008d8f800000] [id=15604]
  0x000001d7f33ff160 GCTaskThread "GC Thread#0" [stack: 0x0000008d8e700000,0x0000008d8e800000] [id=8472]
  0x000001d7d670ac10 GCTaskThread "GC Thread#1" [stack: 0x0000008d8fb00000,0x0000008d8fc00000] [id=16372]
  0x000001d7d671c050 GCTaskThread "GC Thread#2" [stack: 0x0000008d8fc00000,0x0000008d8fd00000] [id=18464]
  0x000001d7d67487e0 GCTaskThread "GC Thread#3" [stack: 0x0000008d8fd00000,0x0000008d8fe00000] [id=2956]
  0x000001d7f3411240 ConcurrentGCThread "G1 Main Marker" [stack: 0x0000008d8e800000,0x0000008d8e900000] [id=16816]
  0x000001d7f3411c50 ConcurrentGCThread "G1 Conc#0" [stack: 0x0000008d8e900000,0x0000008d8ea00000] [id=18124]
  0x000001d7f3476bf0 ConcurrentGCThread "G1 Refine#0" [stack: 0x0000008d8ea00000,0x0000008d8eb00000] [id=19516]
  0x000001d7f3476fd0 ConcurrentGCThread "G1 Service" [stack: 0x0000008d8eb00000,0x0000008d8ec00000] [id=20096]

Threads with active compile tasks:
C2 CompilerThread0     2412  698       4       java.util.jar.JarFile::getEntry (35 bytes)

VM state: not at safepoint (normal execution)

VM Mutex/Monitor currently owned by a thread: None

Heap address: 0x0000000081400000, size: 2028 MB, Compressed Oops mode: 32-bit

CDS archive(s) mapped at: [0x000001d791000000-0x000001d791bd0000-0x000001d791bd0000), size 12386304, SharedBaseAddress: 0x000001d791000000, ArchiveRelocationMode: 1.
Compressed class space mapped at: 0x000001d792000000-0x000001d7d2000000, reserved size: 1073741824
Narrow klass base: 0x000001d791000000, Narrow klass shift: 0, Narrow klass range: 0x100000000

GC Precious Log:
 CPUs: 4 total, 4 available
 Memory: 8104M
 Large Page Support: Disabled
 NUMA Support: Disabled
 Compressed Oops: Enabled (32-bit)
 Heap Region Size: 1M
 Heap Min Capacity: 8M
 Heap Initial Capacity: 128M
 Heap Max Capacity: 2028M
 Pre-touch: Disabled
 Parallel Workers: 4
 Concurrent Workers: 1
 Concurrent Refinement Workers: 4
 Periodic GC: Disabled

Heap:
 garbage-first heap   total 131072K, used 7670K [0x0000000081400000, 0x0000000100000000)
  region size 1024K, 3 young (3072K), 2 survivors (2048K)
 Metaspace       used 2498K, committed 2624K, reserved 1114112K
  class space    used 250K, committed 320K, reserved 1048576K

Heap Regions: E=young(eden), S=young(survivor), O=old, HS=humongous(starts), HC=humongous(continues), CS=collection set, F=free, OA=open archive, CA=closed archive, TAMS=top-at-mark-start (previous, next)
|   0|0x0000000081400000, 0x0000000081500000, 0x0000000081500000|100%|HS|  |TAMS 0x0000000081400000, 0x0000000081400000| Complete 
|   1|0x0000000081500000, 0x0000000081600000, 0x0000000081600000|100%| O|  |TAMS 0x0000000081500000, 0x0000000081500000| Untracked 
|   2|0x0000000081600000, 0x0000000081700000, 0x0000000081700000|100%| O|  |TAMS 0x0000000081600000, 0x0000000081600000| Untracked 
|   3|0x0000000081700000, 0x0000000081800000, 0x0000000081800000|100%| O|  |TAMS 0x0000000081700000, 0x0000000081700000| Untracked 
|   4|0x0000000081800000, 0x0000000081900000, 0x0000000081900000|100%| O|  |TAMS 0x0000000081800000, 0x0000000081800000| Untracked 
|   5|0x0000000081900000, 0x000000008197d800, 0x0000000081a00000| 49%| O|  |TAMS 0x0000000081900000, 0x0000000081900000| Untracked 
|   6|0x0000000081a00000, 0x0000000081a00000, 0x0000000081b00000|  0%| F|  |TAMS 0x0000000081a00000, 0x0000000081a00000| Untracked 
|   7|0x0000000081b00000, 0x0000000081b00000, 0x0000000081c00000|  0%| F|  |TAMS 0x0000000081b00000, 0x0000000081b00000| Untracked 
|   8|0x0000000081c00000, 0x0000000081c00000, 0x0000000081d00000|  0%| F|  |TAMS 0x0000000081c00000, 0x0000000081c00000| Untracked 
|   9|0x0000000081d00000, 0x0000000081d00000, 0x0000000081e00000|  0%| F|  |TAMS 0x0000000081d00000, 0x0000000081d00000| Untracked 
|  10|0x0000000081e00000, 0x0000000081e00000, 0x0000000081f00000|  0%| F|  |TAMS 0x0000000081e00000, 0x0000000081e00000| Untracked 
|  11|0x0000000081f00000, 0x0000000081f00000, 0x0000000082000000|  0%| F|  |TAMS 0x0000000081f00000, 0x0000000081f00000| Untracked 
|  12|0x0000000082000000, 0x0000000082000000, 0x0000000082100000|  0%| F|  |TAMS 0x0000000082000000, 0x0000000082000000| Untracked 
|  13|0x0000000082100000, 0x0000000082100000, 0x0000000082200000|  0%| F|  |TAMS 0x0000000082100000, 0x0000000082100000| Untracked 
|  14|0x0000000082200000, 0x0000000082200000, 0x0000000082300000|  0%| F|  |TAMS 0x0000000082200000, 0x0000000082200000| Untracked 
|  15|0x0000000082300000, 0x0000000082300000, 0x0000000082400000|  0%| F|  |TAMS 0x0000000082300000, 0x0000000082300000| Untracked 
|  16|0x0000000082400000, 0x0000000082400000, 0x0000000082500000|  0%| F|  |TAMS 0x0000000082400000, 0x0000000082400000| Untracked 
|  17|0x0000000082500000, 0x0000000082500000, 0x0000000082600000|  0%| F|  |TAMS 0x0000000082500000, 0x0000000082500000| Untracked 
|  18|0x0000000082600000, 0x0000000082600000, 0x0000000082700000|  0%| F|  |TAMS 0x0000000082600000, 0x0000000082600000| Untracked 
|  19|0x0000000082700000, 0x0000000082700000, 0x0000000082800000|  0%| F|  |TAMS 0x0000000082700000, 0x0000000082700000| Untracked 
|  20|0x0000000082800000, 0x0000000082800000, 0x0000000082900000|  0%| F|  |TAMS 0x0000000082800000, 0x0000000082800000| Untracked 
|  21|0x0000000082900000, 0x0000000082900000, 0x0000000082a00000|  0%| F|  |TAMS 0x0000000082900000, 0x0000000082900000| Untracked 
|  22|0x0000000082a00000, 0x0000000082a00000, 0x0000000082b00000|  0%| F|  |TAMS 0x0000000082a00000, 0x0000000082a00000| Untracked 
|  23|0x0000000082b00000, 0x0000000082b00000, 0x0000000082c00000|  0%| F|  |TAMS 0x0000000082b00000, 0x0000000082b00000| Untracked 
|  24|0x0000000082c00000, 0x0000000082c00000, 0x0000000082d00000|  0%| F|  |TAMS 0x0000000082c00000, 0x0000000082c00000| Untracked 
|  25|0x0000000082d00000, 0x0000000082d00000, 0x0000000082e00000|  0%| F|  |TAMS 0x0000000082d00000, 0x0000000082d00000| Untracked 
|  26|0x0000000082e00000, 0x0000000082e00000, 0x0000000082f00000|  0%| F|  |TAMS 0x0000000082e00000, 0x0000000082e00000| Untracked 
|  27|0x0000000082f00000, 0x0000000082f00000, 0x0000000083000000|  0%| F|  |TAMS 0x0000000082f00000, 0x0000000082f00000| Untracked 
|  28|0x0000000083000000, 0x0000000083000000, 0x0000000083100000|  0%| F|  |TAMS 0x0000000083000000, 0x0000000083000000| Untracked 
|  29|0x0000000083100000, 0x0000000083100000, 0x0000000083200000|  0%| F|  |TAMS 0x0000000083100000, 0x0000000083100000| Untracked 
|  30|0x0000000083200000, 0x0000000083200000, 0x0000000083300000|  0%| F|  |TAMS 0x0000000083200000, 0x0000000083200000| Untracked 
|  31|0x0000000083300000, 0x0000000083300000, 0x0000000083400000|  0%| F|  |TAMS 0x0000000083300000, 0x0000000083300000| Untracked 
|  32|0x0000000083400000, 0x0000000083400000, 0x0000000083500000|  0%| F|  |TAMS 0x0000000083400000, 0x0000000083400000| Untracked 
|  33|0x0000000083500000, 0x0000000083500000, 0x0000000083600000|  0%| F|  |TAMS 0x0000000083500000, 0x0000000083500000| Untracked 
|  34|0x0000000083600000, 0x0000000083600000, 0x0000000083700000|  0%| F|  |TAMS 0x0000000083600000, 0x0000000083600000| Untracked 
|  35|0x0000000083700000, 0x0000000083700000, 0x0000000083800000|  0%| F|  |TAMS 0x0000000083700000, 0x0000000083700000| Untracked 
|  36|0x0000000083800000, 0x0000000083800000, 0x0000000083900000|  0%| F|  |TAMS 0x0000000083800000, 0x0000000083800000| Untracked 
|  37|0x0000000083900000, 0x0000000083900000, 0x0000000083a00000|  0%| F|  |TAMS 0x0000000083900000, 0x0000000083900000| Untracked 
|  38|0x0000000083a00000, 0x0000000083a00000, 0x0000000083b00000|  0%| F|  |TAMS 0x0000000083a00000, 0x0000000083a00000| Untracked 
|  39|0x0000000083b00000, 0x0000000083b00000, 0x0000000083c00000|  0%| F|  |TAMS 0x0000000083b00000, 0x0000000083b00000| Untracked 
|  40|0x0000000083c00000, 0x0000000083c00000, 0x0000000083d00000|  0%| F|  |TAMS 0x0000000083c00000, 0x0000000083c00000| Untracked 
|  41|0x0000000083d00000, 0x0000000083d00000, 0x0000000083e00000|  0%| F|  |TAMS 0x0000000083d00000, 0x0000000083d00000| Untracked 
|  42|0x0000000083e00000, 0x0000000083e00000, 0x0000000083f00000|  0%| F|  |TAMS 0x0000000083e00000, 0x0000000083e00000| Untracked 
|  43|0x0000000083f00000, 0x0000000083f00000, 0x0000000084000000|  0%| F|  |TAMS 0x0000000083f00000, 0x0000000083f00000| Untracked 
|  44|0x0000000084000000, 0x0000000084000000, 0x0000000084100000|  0%| F|  |TAMS 0x0000000084000000, 0x0000000084000000| Untracked 
|  45|0x0000000084100000, 0x0000000084100000, 0x0000000084200000|  0%| F|  |TAMS 0x0000000084100000, 0x0000000084100000| Untracked 
|  46|0x0000000084200000, 0x0000000084200000, 0x0000000084300000|  0%| F|  |TAMS 0x0000000084200000, 0x0000000084200000| Untracked 
|  47|0x0000000084300000, 0x0000000084300000, 0x0000000084400000|  0%| F|  |TAMS 0x0000000084300000, 0x0000000084300000| Untracked 
|  48|0x0000000084400000, 0x0000000084400000, 0x0000000084500000|  0%| F|  |TAMS 0x0000000084400000, 0x0000000084400000| Untracked 
|  49|0x0000000084500000, 0x0000000084500000, 0x0000000084600000|  0%| F|  |TAMS 0x0000000084500000, 0x0000000084500000| Untracked 
|  50|0x0000000084600000, 0x0000000084600000, 0x0000000084700000|  0%| F|  |TAMS 0x0000000084600000, 0x0000000084600000| Untracked 
|  51|0x0000000084700000, 0x0000000084700000, 0x0000000084800000|  0%| F|  |TAMS 0x0000000084700000, 0x0000000084700000| Untracked 
|  52|0x0000000084800000, 0x0000000084800000, 0x0000000084900000|  0%| F|  |TAMS 0x0000000084800000, 0x0000000084800000| Untracked 
|  53|0x0000000084900000, 0x0000000084900000, 0x0000000084a00000|  0%| F|  |TAMS 0x0000000084900000, 0x0000000084900000| Untracked 
|  54|0x0000000084a00000, 0x0000000084a00000, 0x0000000084b00000|  0%| F|  |TAMS 0x0000000084a00000, 0x0000000084a00000| Untracked 
|  55|0x0000000084b00000, 0x0000000084b00000, 0x0000000084c00000|  0%| F|  |TAMS 0x0000000084b00000, 0x0000000084b00000| Untracked 
|  56|0x0000000084c00000, 0x0000000084c00000, 0x0000000084d00000|  0%| F|  |TAMS 0x0000000084c00000, 0x0000000084c00000| Untracked 
|  57|0x0000000084d00000, 0x0000000084d00000, 0x0000000084e00000|  0%| F|  |TAMS 0x0000000084d00000, 0x0000000084d00000| Untracked 
|  58|0x0000000084e00000, 0x0000000084e00000, 0x0000000084f00000|  0%| F|  |TAMS 0x0000000084e00000, 0x0000000084e00000| Untracked 
|  59|0x0000000084f00000, 0x0000000084f00000, 0x0000000085000000|  0%| F|  |TAMS 0x0000000084f00000, 0x0000000084f00000| Untracked 
|  60|0x0000000085000000, 0x0000000085000000, 0x0000000085100000|  0%| F|  |TAMS 0x0000000085000000, 0x0000000085000000| Untracked 
|  61|0x0000000085100000, 0x0000000085100000, 0x0000000085200000|  0%| F|  |TAMS 0x0000000085100000, 0x0000000085100000| Untracked 
|  62|0x0000000085200000, 0x0000000085200000, 0x0000000085300000|  0%| F|  |TAMS 0x0000000085200000, 0x0000000085200000| Untracked 
|  63|0x0000000085300000, 0x0000000085300000, 0x0000000085400000|  0%| F|  |TAMS 0x0000000085300000, 0x0000000085300000| Untracked 
|  64|0x0000000085400000, 0x0000000085400000, 0x0000000085500000|  0%| F|  |TAMS 0x0000000085400000, 0x0000000085400000| Untracked 
|  65|0x0000000085500000, 0x0000000085500000, 0x0000000085600000|  0%| F|  |TAMS 0x0000000085500000, 0x0000000085500000| Untracked 
|  66|0x0000000085600000, 0x0000000085600000, 0x0000000085700000|  0%| F|  |TAMS 0x0000000085600000, 0x0000000085600000| Untracked 
|  67|0x0000000085700000, 0x0000000085700000, 0x0000000085800000|  0%| F|  |TAMS 0x0000000085700000, 0x0000000085700000| Untracked 
|  68|0x0000000085800000, 0x0000000085800000, 0x0000000085900000|  0%| F|  |TAMS 0x0000000085800000, 0x0000000085800000| Untracked 
|  69|0x0000000085900000, 0x0000000085900000, 0x0000000085a00000|  0%| F|  |TAMS 0x0000000085900000, 0x0000000085900000| Untracked 
|  70|0x0000000085a00000, 0x0000000085a00000, 0x0000000085b00000|  0%| F|  |TAMS 0x0000000085a00000, 0x0000000085a00000| Untracked 
|  71|0x0000000085b00000, 0x0000000085b00000, 0x0000000085c00000|  0%| F|  |TAMS 0x0000000085b00000, 0x0000000085b00000| Untracked 
|  72|0x0000000085c00000, 0x0000000085c00000, 0x0000000085d00000|  0%| F|  |TAMS 0x0000000085c00000, 0x0000000085c00000| Untracked 
|  73|0x0000000085d00000, 0x0000000085d00000, 0x0000000085e00000|  0%| F|  |TAMS 0x0000000085d00000, 0x0000000085d00000| Untracked 
|  74|0x0000000085e00000, 0x0000000085e00000, 0x0000000085f00000|  0%| F|  |TAMS 0x0000000085e00000, 0x0000000085e00000| Untracked 
|  75|0x0000000085f00000, 0x0000000085f00000, 0x0000000086000000|  0%| F|  |TAMS 0x0000000085f00000, 0x0000000085f00000| Untracked 
|  76|0x0000000086000000, 0x0000000086000000, 0x0000000086100000|  0%| F|  |TAMS 0x0000000086000000, 0x0000000086000000| Untracked 
|  77|0x0000000086100000, 0x0000000086100000, 0x0000000086200000|  0%| F|  |TAMS 0x0000000086100000, 0x0000000086100000| Untracked 
|  78|0x0000000086200000, 0x0000000086200000, 0x0000000086300000|  0%| F|  |TAMS 0x0000000086200000, 0x0000000086200000| Untracked 
|  79|0x0000000086300000, 0x0000000086300000, 0x0000000086400000|  0%| F|  |TAMS 0x0000000086300000, 0x0000000086300000| Untracked 
|  80|0x0000000086400000, 0x0000000086400000, 0x0000000086500000|  0%| F|  |TAMS 0x0000000086400000, 0x0000000086400000| Untracked 
|  81|0x0000000086500000, 0x0000000086500000, 0x0000000086600000|  0%| F|  |TAMS 0x0000000086500000, 0x0000000086500000| Untracked 
|  82|0x0000000086600000, 0x0000000086600000, 0x0000000086700000|  0%| F|  |TAMS 0x0000000086600000, 0x0000000086600000| Untracked 
|  83|0x0000000086700000, 0x0000000086700000, 0x0000000086800000|  0%| F|  |TAMS 0x0000000086700000, 0x0000000086700000| Untracked 
|  84|0x0000000086800000, 0x0000000086800000, 0x0000000086900000|  0%| F|  |TAMS 0x0000000086800000, 0x0000000086800000| Untracked 
|  85|0x0000000086900000, 0x0000000086900000, 0x0000000086a00000|  0%| F|  |TAMS 0x0000000086900000, 0x0000000086900000| Untracked 
|  86|0x0000000086a00000, 0x0000000086a00000, 0x0000000086b00000|  0%| F|  |TAMS 0x0000000086a00000, 0x0000000086a00000| Untracked 
|  87|0x0000000086b00000, 0x0000000086b00000, 0x0000000086c00000|  0%| F|  |TAMS 0x0000000086b00000, 0x0000000086b00000| Untracked 
|  88|0x0000000086c00000, 0x0000000086c00000, 0x0000000086d00000|  0%| F|  |TAMS 0x0000000086c00000, 0x0000000086c00000| Untracked 
|  89|0x0000000086d00000, 0x0000000086d00000, 0x0000000086e00000|  0%| F|  |TAMS 0x0000000086d00000, 0x0000000086d00000| Untracked 
|  90|0x0000000086e00000, 0x0000000086e00000, 0x0000000086f00000|  0%| F|  |TAMS 0x0000000086e00000, 0x0000000086e00000| Untracked 
|  91|0x0000000086f00000, 0x0000000086f00000, 0x0000000087000000|  0%| F|  |TAMS 0x0000000086f00000, 0x0000000086f00000| Untracked 
|  92|0x0000000087000000, 0x0000000087000000, 0x0000000087100000|  0%| F|  |TAMS 0x0000000087000000, 0x0000000087000000| Untracked 
|  93|0x0000000087100000, 0x0000000087100000, 0x0000000087200000|  0%| F|  |TAMS 0x0000000087100000, 0x0000000087100000| Untracked 
|  94|0x0000000087200000, 0x0000000087200000, 0x0000000087300000|  0%| F|  |TAMS 0x0000000087200000, 0x0000000087200000| Untracked 
|  95|0x0000000087300000, 0x0000000087300000, 0x0000000087400000|  0%| F|  |TAMS 0x0000000087300000, 0x0000000087300000| Untracked 
|  96|0x0000000087400000, 0x0000000087400000, 0x0000000087500000|  0%| F|  |TAMS 0x0000000087400000, 0x0000000087400000| Untracked 
|  97|0x0000000087500000, 0x0000000087500000, 0x0000000087600000|  0%| F|  |TAMS 0x0000000087500000, 0x0000000087500000| Untracked 
|  98|0x0000000087600000, 0x0000000087600000, 0x0000000087700000|  0%| F|  |TAMS 0x0000000087600000, 0x0000000087600000| Untracked 
|  99|0x0000000087700000, 0x0000000087700000, 0x0000000087800000|  0%| F|  |TAMS 0x0000000087700000, 0x0000000087700000| Untracked 
| 100|0x0000000087800000, 0x0000000087800000, 0x0000000087900000|  0%| F|  |TAMS 0x0000000087800000, 0x0000000087800000| Untracked 
| 101|0x0000000087900000, 0x0000000087900000, 0x0000000087a00000|  0%| F|  |TAMS 0x0000000087900000, 0x0000000087900000| Untracked 
| 102|0x0000000087a00000, 0x0000000087a00000, 0x0000000087b00000|  0%| F|  |TAMS 0x0000000087a00000, 0x0000000087a00000| Untracked 
| 103|0x0000000087b00000, 0x0000000087b00000, 0x0000000087c00000|  0%| F|  |TAMS 0x0000000087b00000, 0x0000000087b00000| Untracked 
| 104|0x0000000087c00000, 0x0000000087c00000, 0x0000000087d00000|  0%| F|  |TAMS 0x0000000087c00000, 0x0000000087c00000| Untracked 
| 105|0x0000000087d00000, 0x0000000087d00000, 0x0000000087e00000|  0%| F|  |TAMS 0x0000000087d00000, 0x0000000087d00000| Untracked 
| 106|0x0000000087e00000, 0x0000000087e00000, 0x0000000087f00000|  0%| F|  |TAMS 0x0000000087e00000, 0x0000000087e00000| Untracked 
| 107|0x0000000087f00000, 0x0000000087f00000, 0x0000000088000000|  0%| F|  |TAMS 0x0000000087f00000, 0x0000000087f00000| Untracked 
| 108|0x0000000088000000, 0x0000000088000000, 0x0000000088100000|  0%| F|  |TAMS 0x0000000088000000, 0x0000000088000000| Untracked 
| 109|0x0000000088100000, 0x0000000088100000, 0x0000000088200000|  0%| F|  |TAMS 0x0000000088100000, 0x0000000088100000| Untracked 
| 110|0x0000000088200000, 0x0000000088200000, 0x0000000088300000|  0%| F|  |TAMS 0x0000000088200000, 0x0000000088200000| Untracked 
| 111|0x0000000088300000, 0x0000000088300000, 0x0000000088400000|  0%| F|  |TAMS 0x0000000088300000, 0x0000000088300000| Untracked 
| 112|0x0000000088400000, 0x0000000088400000, 0x0000000088500000|  0%| F|  |TAMS 0x0000000088400000, 0x0000000088400000| Untracked 
| 113|0x0000000088500000, 0x0000000088600000, 0x0000000088600000|100%| S|CS|TAMS 0x0000000088500000, 0x0000000088500000| Complete 
| 114|0x0000000088600000, 0x0000000088700000, 0x0000000088700000|100%| S|CS|TAMS 0x0000000088600000, 0x0000000088600000| Complete 
| 115|0x0000000088700000, 0x0000000088700000, 0x0000000088800000|  0%| F|  |TAMS 0x0000000088700000, 0x0000000088700000| Untracked 
| 116|0x0000000088800000, 0x0000000088800000, 0x0000000088900000|  0%| F|  |TAMS 0x0000000088800000, 0x0000000088800000| Untracked 
| 117|0x0000000088900000, 0x0000000088900000, 0x0000000088a00000|  0%| F|  |TAMS 0x0000000088900000, 0x0000000088900000| Untracked 
| 118|0x0000000088a00000, 0x0000000088a00000, 0x0000000088b00000|  0%| F|  |TAMS 0x0000000088a00000, 0x0000000088a00000| Untracked 
| 119|0x0000000088b00000, 0x0000000088b00000, 0x0000000088c00000|  0%| F|  |TAMS 0x0000000088b00000, 0x0000000088b00000| Untracked 
| 120|0x0000000088c00000, 0x0000000088c00000, 0x0000000088d00000|  0%| F|  |TAMS 0x0000000088c00000, 0x0000000088c00000| Untracked 
| 121|0x0000000088d00000, 0x0000000088d00000, 0x0000000088e00000|  0%| F|  |TAMS 0x0000000088d00000, 0x0000000088d00000| Untracked 
| 122|0x0000000088e00000, 0x0000000088e00000, 0x0000000088f00000|  0%| F|  |TAMS 0x0000000088e00000, 0x0000000088e00000| Untracked 
| 123|0x0000000088f00000, 0x0000000088f00000, 0x0000000089000000|  0%| F|  |TAMS 0x0000000088f00000, 0x0000000088f00000| Untracked 
| 124|0x0000000089000000, 0x0000000089000000, 0x0000000089100000|  0%| F|  |TAMS 0x0000000089000000, 0x0000000089000000| Untracked 
| 125|0x0000000089100000, 0x0000000089100000, 0x0000000089200000|  0%| F|  |TAMS 0x0000000089100000, 0x0000000089100000| Untracked 
| 126|0x0000000089200000, 0x0000000089200000, 0x0000000089300000|  0%| F|  |TAMS 0x0000000089200000, 0x0000000089200000| Untracked 
| 127|0x0000000089300000, 0x00000000893a08b8, 0x0000000089400000| 62%| E|  |TAMS 0x0000000089300000, 0x0000000089300000| Complete 

Card table byte_map: [0x000001d7fb070000,0x000001d7fb470000] _byte_map_base: 0x000001d7fac66000

Marking Bits (Prev, Next): (CMBitMap*) 0x000001d7f3400b90, (CMBitMap*) 0x000001d7f3400bd0
 Prev Bits: [0x000001d7fb870000, 0x000001d7fd820000)
 Next Bits: [0x000001d7fd820000, 0x000001d7ff7d0000)

Polling page: 0x000001d7f13a0000

Metaspace:

Usage:
  Non-class:      2.20 MB used.
      Class:    250.30 KB used.
       Both:      2.44 MB used.

Virtual space:
  Non-class space:       64.00 MB reserved,       2.25 MB (  4%) committed,  1 nodes.
      Class space:        1.00 GB reserved,     320.00 KB ( <1%) committed,  1 nodes.
             Both:        1.06 GB reserved,       2.56 MB ( <1%) committed. 

Chunk freelists:
   Non-Class:  11.14 MB
       Class:  15.61 MB
        Both:  26.75 MB

MaxMetaspaceSize: unlimited
CompressedClassSpaceSize: 1.00 GB
Initial GC threshold: 21.00 MB
Current GC threshold: 21.00 MB
CDS: on
MetaspaceReclaimPolicy: balanced
 - commit_granule_bytes: 65536.
 - commit_granule_words: 8192.
 - virtual_space_node_default_size: 8388608.
 - enlarge_chunks_in_place: 1.
 - new_chunks_are_fully_committed: 0.
 - uncommit_free_chunks: 1.
 - use_allocation_guard: 0.
 - handle_deallocations: 1.


Internal statistics:

num_allocs_failed_limit: 0.
num_arena_births: 20.
num_arena_deaths: 0.
num_vsnodes_births: 2.
num_vsnodes_deaths: 0.
num_space_committed: 41.
num_space_uncommitted: 0.
num_chunks_returned_to_freelist: 0.
num_chunks_taken_from_freelist: 79.
num_chunk_merges: 0.
num_chunk_splits: 45.
num_chunks_enlarged: 29.
num_inconsistent_stats: 0.

CodeHeap 'non-profiled nmethods': size=120000Kb used=223Kb max_used=223Kb free=119776Kb
 bounds [0x000001d787ad0000, 0x000001d787d40000, 0x000001d78f000000]
CodeHeap 'profiled nmethods': size=120000Kb used=1261Kb max_used=1261Kb free=118738Kb
 bounds [0x000001d780000000, 0x000001d780270000, 0x000001d787530000]
CodeHeap 'non-nmethods': size=5760Kb used=1138Kb max_used=1155Kb free=4622Kb
 bounds [0x000001d787530000, 0x000001d7877a0000, 0x000001d787ad0000]
 total_blobs=1129 nmethods=704 adapters=338
 compilation: enabled
              stopped_count=0, restarted_count=0
 full_count=0

Compilation events (20 events):
Event: 2.299 Thread 0x000001d7ffc6f9b0 nmethod 696 0x000001d787b05990 code [0x000001d787b05b20, 0x000001d787b05c68]
Event: 2.302 Thread 0x000001d7ffc6f9b0  697  s!   4       jdk.internal.loader.URLClassPath::getLoader (194 bytes)
Event: 2.302 Thread 0x000001d7ffc73430  699       3       jdk.internal.loader.URLClassPath$JarLoader::findResource (18 bytes)
Event: 2.303 Thread 0x000001d7ffc73430 nmethod 699 0x000001d780134b90 code [0x000001d780134d40, 0x000001d780134fb8]
Event: 2.305 Thread 0x000001d7ffc73430  701       3       jdk.internal.util.jar.JarIndex::get (49 bytes)
Event: 2.306 Thread 0x000001d7ffc73430 nmethod 701 0x000001d780135090 code [0x000001d7801352c0, 0x000001d780135ba8]
Event: 2.307 Thread 0x000001d7ffc73430  702   !   3       jdk.internal.loader.URLClassPath$JarLoader::getResource (354 bytes)
Event: 2.308 Thread 0x000001d7ffc6f9b0 nmethod 697 0x000001d787b05e10 code [0x000001d787b05fc0, 0x000001d787b066e8]
Event: 2.308 Thread 0x000001d7ffc6f9b0  700   !   4       java.util.zip.ZipFile$Source::getEntryPos (181 bytes)
Event: 2.310 Thread 0x000001d7ffc73430 nmethod 702 0x000001d780135e90 code [0x000001d780136320, 0x000001d780138398]
Event: 2.311 Thread 0x000001d7ffc73430  703       3       java.util.Optional::ofNullable (19 bytes)
Event: 2.312 Thread 0x000001d7ffc73430 nmethod 703 0x000001d780139610 code [0x000001d7801397c0, 0x000001d780139a78]
Event: 2.312 Thread 0x000001d7ffc73430  704       3       jdk.internal.org.objectweb.asm.Handler::getExceptionTableLength (21 bytes)
Event: 2.313 Thread 0x000001d7ffc73430 nmethod 704 0x000001d780139b90 code [0x000001d780139d20, 0x000001d780139eb8]
Event: 2.330 Thread 0x000001d7ffc6f9b0 nmethod 700 0x000001d787b06a90 code [0x000001d787b06c60, 0x000001d787b07618]
Event: 2.330 Thread 0x000001d7ffc6f9b0  698       4       java.util.jar.JarFile::getEntry (35 bytes)
Event: 2.344 Thread 0x000001d7ffc73430  705       3       java.lang.invoke.MethodHandle::<init> (37 bytes)
Event: 2.345 Thread 0x000001d7ffc73430 nmethod 705 0x000001d780139f90 code [0x000001d78013a1a0, 0x000001d78013a718]
Event: 2.346 Thread 0x000001d7ffc73430  706       3       java.lang.invoke.LambdaForm::prepare (112 bytes)
Event: 2.347 Thread 0x000001d7ffc73430 nmethod 706 0x000001d78013a990 code [0x000001d78013abc0, 0x000001d78013b418]

GC Heap History (2 events):
Event: 2.208 GC heap before
{Heap before GC invocations=0 (full 0):
 garbage-first heap   total 131072K, used 13312K [0x0000000081400000, 0x0000000100000000)
  region size 1024K, 13 young (13312K), 0 survivors (0K)
 Metaspace       used 2382K, committed 2496K, reserved 1114112K
  class space    used 234K, committed 256K, reserved 1048576K
}
Event: 2.245 GC heap after
{Heap after GC invocations=1 (full 0):
 garbage-first heap   total 131072K, used 7670K [0x0000000081400000, 0x0000000100000000)
  region size 1024K, 2 young (2048K), 2 survivors (2048K)
 Metaspace       used 2382K, committed 2496K, reserved 1114112K
  class space    used 234K, committed 256K, reserved 1048576K
}

Deoptimization events (20 events):
Event: 0.826 Thread 0x000001d7f33a4ff0 DEOPT PACKING pc=0x000001d780019868 sp=0x0000008d8e6fe300
Event: 0.826 Thread 0x000001d7f33a4ff0 DEOPT UNPACKING pc=0x000001d787582b43 sp=0x0000008d8e6fd790 mode 0
Event: 1.044 Thread 0x000001d7f33a4ff0 DEOPT PACKING pc=0x000001d78005c2d4 sp=0x0000008d8e6fe240
Event: 1.044 Thread 0x000001d7f33a4ff0 DEOPT UNPACKING pc=0x000001d787582b43 sp=0x0000008d8e6fd700 mode 0
Event: 1.293 Thread 0x000001d7f33a4ff0 Uncommon trap: trap_request=0xffffff45 fr.pc=0x000001d787ae9164 relative=0x0000000000000064
Event: 1.293 Thread 0x000001d7f33a4ff0 Uncommon trap: reason=unstable_if action=reinterpret pc=0x000001d787ae9164 method=java.io.WinNTFileSystem.isSlash(C)Z @ 9 c2
Event: 1.293 Thread 0x000001d7f33a4ff0 DEOPT PACKING pc=0x000001d787ae9164 sp=0x0000008d8e6fe860
Event: 1.293 Thread 0x000001d7f33a4ff0 DEOPT UNPACKING pc=0x000001d7875823a3 sp=0x0000008d8e6fe7e8 mode 2
Event: 1.506 Thread 0x000001d7f33a4ff0 Uncommon trap: trap_request=0xffffff6e fr.pc=0x000001d787ad4c48 relative=0x0000000000000428
Event: 1.506 Thread 0x000001d7f33a4ff0 Uncommon trap: reason=loop_limit_check action=maybe_recompile pc=0x000001d787ad4c48 method=java.lang.StringLatin1.indexOf([BI[BII)I @ 37 c2
Event: 1.506 Thread 0x000001d7f33a4ff0 DEOPT PACKING pc=0x000001d787ad4c48 sp=0x0000008d8e6fd0a0
Event: 1.506 Thread 0x000001d7f33a4ff0 DEOPT UNPACKING pc=0x000001d7875823a3 sp=0x0000008d8e6fd028 mode 2
Event: 1.960 Thread 0x000001d7f33a4ff0 Uncommon trap: trap_request=0xffffff45 fr.pc=0x000001d787ad9494 relative=0x00000000000003f4
Event: 1.960 Thread 0x000001d7f33a4ff0 Uncommon trap: reason=unstable_if action=reinterpret pc=0x000001d787ad9494 method=java.lang.StringLatin1.canEncode(I)Z @ 4 c2
Event: 1.960 Thread 0x000001d7f33a4ff0 DEOPT PACKING pc=0x000001d787ad9494 sp=0x0000008d8e6fe6c0
Event: 1.960 Thread 0x000001d7f33a4ff0 DEOPT UNPACKING pc=0x000001d7875823a3 sp=0x0000008d8e6fe5e8 mode 2
Event: 1.960 Thread 0x000001d7f33a4ff0 Uncommon trap: trap_request=0xffffff45 fr.pc=0x000001d787ad69f8 relative=0x00000000000003d8
Event: 1.960 Thread 0x000001d7f33a4ff0 Uncommon trap: reason=unstable_if action=reinterpret pc=0x000001d787ad69f8 method=java.lang.AbstractStringBuilder.isLatin1()Z @ 10 c2
Event: 1.960 Thread 0x000001d7f33a4ff0 DEOPT PACKING pc=0x000001d787ad69f8 sp=0x0000008d8e6fe660
Event: 1.960 Thread 0x000001d7f33a4ff0 DEOPT UNPACKING pc=0x000001d7875823a3 sp=0x0000008d8e6fe5e0 mode 2

Classes unloaded (0 events):
No events

Classes redefined (0 events):
No events

Internal exceptions (5 events):
Event: 0.617 Thread 0x000001d7f33a4ff0 Exception <a 'java/lang/NoSuchMethodError'{0x000000008917cfe8}: 'java.lang.Object java.lang.invoke.DirectMethodHandle$Holder.invokeStaticInit(java.lang.Object)'> (0x000000008917cfe8) 
thrown [s\open\src\hotspot\share\interpreter\linkResolver.cpp, line 759]
Event: 0.683 Thread 0x000001d7f33a4ff0 Exception <a 'java/lang/NoSuchMethodError'{0x00000000891b3380}: 'int java.lang.invoke.DirectMethodHandle$Holder.invokeSpecial(java.lang.Object, java.lang.Object, java.lang.Object)'> (0x00000000891b3380) 
thrown [s\open\src\hotspot\share\interpreter\linkResolver.cpp, line 759]
Event: 1.503 Thread 0x000001d7f33a4ff0 Exception <a 'java/lang/NoSuchMethodError'{0x0000000088a98a50}: 'int java.lang.invoke.DirectMethodHandle$Holder.invokeStatic(java.lang.Object, java.lang.Object, int)'> (0x0000000088a98a50) 
thrown [s\open\src\hotspot\share\interpreter\linkResolver.cpp, line 759]
Event: 2.173 Thread 0x000001d7f33a4ff0 Exception <a 'java/lang/NoSuchMethodError'{0x00000000887bed28}: 'void java.lang.invoke.DirectMethodHandle$Holder.invokeStatic(java.lang.Object, java.lang.Object, java.lang.Object)'> (0x00000000887bed28) 
thrown [s\open\src\hotspot\share\interpreter\linkResolver.cpp, line 759]
Event: 2.178 Thread 0x000001d7f33a4ff0 Exception <a 'java/lang/NoSuchMethodError'{0x00000000887c7790}: 'void java.lang.invoke.DirectMethodHandle$Holder.invokeSpecial(java.lang.Object, java.lang.Object, java.lang.Object)'> (0x00000000887c7790) 
thrown [s\open\src\hotspot\share\interpreter\linkResolver.cpp, line 759]

VM Operations (8 events):
Event: 0.471 Executing VM operation: HandshakeAllThreads
Event: 0.471 Executing VM operation: HandshakeAllThreads done
Event: 1.293 Executing VM operation: HandshakeAllThreads
Event: 1.293 Executing VM operation: HandshakeAllThreads done
Event: 1.293 Executing VM operation: Cleanup
Event: 1.293 Executing VM operation: Cleanup done
Event: 2.208 Executing VM operation: G1CollectForAllocation
Event: 2.245 Executing VM operation: G1CollectForAllocation done

Events (20 events):
Event: 1.605 loading class jdk/internal/module/ModulePatcher$PatchedModuleReader
Event: 1.606 loading class jdk/internal/module/ModulePatcher$PatchedModuleReader done
Event: 1.606 loading class sun/net/www/protocol/jrt/Handler
Event: 1.606 loading class sun/net/www/protocol/jrt/Handler done
Event: 1.958 loading class sun/text/resources/cldr/FormatData_en
Event: 1.958 loading class sun/text/resources/cldr/FormatData_en done
Event: 1.958 loading class sun/text/resources/cldr/FormatData_en_US
Event: 1.958 loading class sun/text/resources/cldr/FormatData_en_US done
Event: 1.997 loading class java/lang/reflect/InvocationTargetException
Event: 1.997 loading class java/lang/reflect/InvocationTargetException done
Event: 1.998 loading class java/lang/IllegalAccessException
Event: 1.998 loading class java/lang/IllegalAccessException done
Event: 2.044 loading class java/io/StringReader
Event: 2.044 loading class java/io/StringReader done
Event: 2.044 loading class java/io/UncheckedIOException
Event: 2.044 loading class java/io/UncheckedIOException done
Event: 2.134 loading class jdk/internal/loader/URLClassPath$FileLoader$1
Event: 2.134 loading class jdk/internal/loader/URLClassPath$FileLoader$1 done
Event: 2.178 loading class java/lang/invoke/DirectMethodHandle$Special
Event: 2.179 loading class java/lang/invoke/DirectMethodHandle$Special done


Dynamic libraries:
0x00007ff6566a0000 - 0x00007ff6566b0000 	C:\Program Files\Java\jdk-17\bin\java.exe
0x00007ff970fb0000 - 0x00007ff9711a8000 	C:\Windows\SYSTEM32\ntdll.dll
0x00007ff96f880000 - 0x00007ff96f942000 	C:\Windows\System32\KERNEL32.DLL
0x00007ff96ea50000 - 0x00007ff96ed46000 	C:\Windows\System32\KERNELBASE.dll
0x00007ff96e7a0000 - 0x00007ff96e8a0000 	C:\Windows\System32\ucrtbase.dll
0x00007ff9615f0000 - 0x00007ff961609000 	C:\Program Files\Java\jdk-17\bin\jli.dll
0x00007ff96f140000 - 0x00007ff96f1f1000 	C:\Windows\System32\ADVAPI32.dll
0x00007ff9707a0000 - 0x00007ff97083e000 	C:\Windows\System32\msvcrt.dll
0x00007ff96f0a0000 - 0x00007ff96f13f000 	C:\Windows\System32\sechost.dll
0x00007ff970e50000 - 0x00007ff970f70000 	C:\Windows\System32\RPCRT4.dll
0x00007ff96e8a0000 - 0x00007ff96e8c7000 	C:\Windows\System32\bcrypt.dll
0x00007ff9709f0000 - 0x00007ff970b91000 	C:\Windows\System32\USER32.dll
0x00007ff96ed50000 - 0x00007ff96ed72000 	C:\Windows\System32\win32u.dll
0x00007ff96f9c0000 - 0x00007ff96f9eb000 	C:\Windows\System32\GDI32.dll
0x00007ff96eeb0000 - 0x00007ff96efc9000 	C:\Windows\System32\gdi32full.dll
0x00007ff96e920000 - 0x00007ff96e9bd000 	C:\Windows\System32\msvcp_win.dll
0x00007ff95cc00000 - 0x00007ff95ce9b000 	C:\Windows\WinSxS\amd64_microsoft.windows.common-controls_6595b64144ccf1df_6.0.19041.6456_none_60b8a6cb71f64256\COMCTL32.dll
0x00007ff9615d0000 - 0x00007ff9615eb000 	C:\Program Files\Java\jdk-17\bin\VCRUNTIME140.dll
0x00007ff95d330000 - 0x00007ff95d33a000 	C:\Windows\SYSTEM32\VERSION.dll
0x00007ff970c70000 - 0x00007ff970c9f000 	C:\Windows\System32\IMM32.DLL
0x00007ff9615c0000 - 0x00007ff9615cc000 	C:\Program Files\Java\jdk-17\bin\vcruntime140_1.dll
0x00007ff961530000 - 0x00007ff9615be000 	C:\Program Files\Java\jdk-17\bin\msvcp140.dll
0x00007ff8c9e70000 - 0x00007ff8caa50000 	C:\Program Files\Java\jdk-17\bin\server\jvm.dll
0x00007ff9705f0000 - 0x00007ff9705f8000 	C:\Windows\System32\PSAPI.DLL
0x00007ff961520000 - 0x00007ff961529000 	C:\Windows\SYSTEM32\WSOCK32.dll
0x00007ff95cea0000 - 0x00007ff95cec7000 	C:\Windows\SYSTEM32\WINMM.dll
0x00007ff96f950000 - 0x00007ff96f9bb000 	C:\Windows\System32\WS2_32.dll
0x00007ff96c4d0000 - 0x00007ff96c4e2000 	C:\Windows\SYSTEM32\kernel.appcore.dll
0x00007ff961500000 - 0x00007ff96150a000 	C:\Program Files\Java\jdk-17\bin\jimage.dll
0x00007ff95d9e0000 - 0x00007ff95dbe1000 	C:\Windows\SYSTEM32\DBGHELP.DLL
0x00007ff95bc50000 - 0x00007ff95bc84000 	C:\Windows\SYSTEM32\dbgcore.DLL
0x00007ff96e9c0000 - 0x00007ff96ea42000 	C:\Windows\System32\bcryptPrimitives.dll
0x00007ff9614d0000 - 0x00007ff9614f5000 	C:\Program Files\Java\jdk-17\bin\java.dll
0x00007ff92dc50000 - 0x00007ff92dd27000 	C:\Program Files\Java\jdk-17\bin\jsvml.dll
0x00007ff96fd50000 - 0x00007ff9704c0000 	C:\Windows\System32\SHELL32.dll
0x00007ff96c6d0000 - 0x00007ff96ce75000 	C:\Windows\SYSTEM32\windows.storage.dll
0x00007ff96f9f0000 - 0x00007ff96fd44000 	C:\Windows\System32\combase.dll
0x00007ff96e070000 - 0x00007ff96e09b000 	C:\Windows\SYSTEM32\Wldp.dll
0x00007ff970ba0000 - 0x00007ff970c6d000 	C:\Windows\System32\OLEAUT32.dll
0x00007ff96eff0000 - 0x00007ff96f09d000 	C:\Windows\System32\SHCORE.dll
0x00007ff96f3a0000 - 0x00007ff96f3fb000 	C:\Windows\System32\shlwapi.dll
0x00007ff96e570000 - 0x00007ff96e594000 	C:\Windows\SYSTEM32\profapi.dll
0x00007ff961490000 - 0x00007ff9614a9000 	C:\Program Files\Java\jdk-17\bin\net.dll
0x00007ff968e60000 - 0x00007ff968f6a000 	C:\Windows\SYSTEM32\WINHTTP.dll
0x00007ff96ddd0000 - 0x00007ff96de3a000 	C:\Windows\system32\mswsock.dll
0x00007ff95ffb0000 - 0x00007ff95ffc6000 	C:\Program Files\Java\jdk-17\bin\nio.dll
0x00007ff95ff90000 - 0x00007ff95ffa8000 	C:\Program Files\Java\jdk-17\bin\zip.dll
0x00007ff9616d0000 - 0x00007ff9616da000 	C:\Program Files\Java\jdk-17\bin\management.dll
0x00007ff9616c0000 - 0x00007ff9616cb000 	C:\Program Files\Java\jdk-17\bin\management_ext.dll

dbghelp: loaded successfully - version: 4.0.5 - missing functions: none
symbol engine: initialized successfully - sym options: 0x614 - pdb path: .;C:\Program Files\Java\jdk-17\bin;C:\Windows\SYSTEM32;C:\Windows\WinSxS\amd64_microsoft.windows.common-controls_6595b64144ccf1df_6.0.19041.6456_none_60b8a6cb71f64256;C:\Program Files\Java\jdk-17\bin\server

VM Arguments:
java_command: C:\Users\Admin\AppData\Local\Temp\surefire14827432425653491241\surefirebooter-20260417235201400_3.jar C:\Users\Admin\AppData\Local\Temp\surefire14827432425653491241 2026-04-17T23-52-00_670-jvmRun1 surefire-20260417235201400_1tmp surefire_0-20260417235201400_2tmp
java_class_path (initial): C:\Users\Admin\AppData\Local\Temp\surefire14827432425653491241\surefirebooter-20260417235201400_3.jar
Launcher Type: SUN_STANDARD

[Global flags]
     intx CICompilerCount                          = 3                                         {product} {ergonomic}
     uint ConcGCThreads                            = 1                                         {product} {ergonomic}
     uint G1ConcRefinementThreads                  = 4                                         {product} {ergonomic}
   size_t G1HeapRegionSize                         = 1048576                                   {product} {ergonomic}
    uintx GCDrainStackTargetSize                   = 64                                        {product} {ergonomic}
   size_t InitialHeapSize                          = 134217728                                 {product} {ergonomic}
   size_t MarkStackSize                            = 4194304                                   {product} {ergonomic}
   size_t MaxHeapSize                              = 2126512128                                {product} {ergonomic}
   size_t MaxNewSize                               = 1275068416                                {product} {ergonomic}
   size_t MinHeapDeltaBytes                        = 1048576                                   {product} {ergonomic}
   size_t MinHeapSize                              = 8388608                                   {product} {ergonomic}
    uintx NonNMethodCodeHeapSize                   = 5832780                                {pd product} {ergonomic}
    uintx NonProfiledCodeHeapSize                  = 122912730                              {pd product} {ergonomic}
    uintx ProfiledCodeHeapSize                     = 122912730                              {pd product} {ergonomic}
    uintx ReservedCodeCacheSize                    = 251658240                              {pd product} {ergonomic}
     bool SegmentedCodeCache                       = true                                      {product} {ergonomic}
   size_t SoftMaxHeapSize                          = 2126512128                             {manageable} {ergonomic}
     bool UseCompressedClassPointers               = true                           {product lp64_product} {ergonomic}
     bool UseCompressedOops                        = true                           {product lp64_product} {ergonomic}
     bool UseG1GC                                  = true                                      {product} {ergonomic}
     bool UseLargePagesIndividualAllocation        = false                                  {pd product} {ergonomic}

Logging:
Log output configuration:
 #0: stdout all=warning uptime,level,tags
 #1: stderr all=off uptime,level,tags

Environment Variables:
JAVA_HOME=C:\Program Files\Java\jdk-17
PATH=C:\Program Files\Java\jdk-17\bin;C:\Program Files\Java\jdk-17\bin;C:\Program Files\Java\jdk-17\bin;C:\Program Files\Java\jdk-17\bin;C:\Program Files\Java\jdk-17\bin;C:\Program Files\Common Files\Oracle\Java\javapath;C:\Program Files (x86)\Common Files\Intel\Shared Files\cpp\bin\Intel64;C:\Windows\system32;C:\Windows;C:\Windows\System32\Wbem;C:\Windows\System32\WindowsPowerShell\v1.0\;C:\Windows\System32\OpenSSH\;C:\Program Files (x86)\Windows Kits\10\Windows Performance Toolkit\;C:\Program Files\Git\cmd;C:\Program Files\nodejs\;C:\Program Files\Java\jdk-17.0.12\bin;C:\Program Files\Java\jdk-17.0.12\bin;C:\Users\Admin\AppData\Local\Microsoft\WindowsApps;C:\Users\Admin\AppData\Local\Programs\Microsoft VS Code\bin;C:\Users\Admin\AppData\Roaming\npm;C:\Users\Admin\AppData\Local\GitHubDesktop\bin;C:\Users\Admin\AppData\Local\Programs\cursor\resources\app\bin;C:\Users\Admin\AppData\Local\Programs\Kiro\bin
USERNAME=Admin
LANG=en_US.UTF-8
OS=Windows_NT
PROCESSOR_IDENTIFIER=Intel64 Family 6 Model 42 Stepping 7, GenuineIntel



---------------  S Y S T E M  ---------------

OS:
 Windows 10 , 64 bit Build 19041 (10.0.19041.5915)
OS uptime: 1 days 1:43 hours

CPU: total 4 (initial active 4) (2 cores per cpu, 2 threads per core) family 6 model 42 stepping 7 microcode 0x2f, cx8, cmov, fxsr, ht, mmx, sse, sse2, sse3, ssse3, sse4.1, sse4.2, popcnt, tsc, tscinvbit, avx, clmul, vzeroupper, clflush

Memory: 4k page, system-wide physical 8104M (496M free)
TotalPageFile size 23286M (AvailPageFile size 0M)
current process WorkingSet (physical memory assigned to process): 63M, peak: 63M
current process commit charge ("private bytes"): 211M, peak: 211M

vm_info: Java HotSpot(TM) 64-Bit Server VM (17.0.12+8-LTS-286) for windows-amd64 JRE (17.0.12+8-LTS-286), built on Jun  5 2024 06:46:59 by "mach5one" with MS VC++ 17.6 (VS2022)

END.
