#
# There is insufficient memory for the Java Runtime Environment to continue.
# Native memory allocation (mmap) failed to map 134217728 bytes for G1 virtual space
# Possible reasons:
#   The system is out of physical RAM or swap space
#   The process is running with CompressedOops enabled, and the Java Heap may be blocking the growth of the native heap
# Possible solutions:
#   Reduce memory load on the system
#   Increase physical memory or swap space
#   Check if swap backing store is full
#   Decrease Java heap size (-Xmx/-Xms)
#   Decrease number of Java threads
#   Decrease Java thread stack sizes (-Xss)
#   Set larger code cache with -XX:ReservedCodeCacheSize=
#   JVM is running with Unscaled Compressed Oops mode in which the Java heap is
#     placed in the first 4GB address space. The Java Heap base address is the
#     maximum limit for the native heap growth. Please use -XX:HeapBaseMinAddress
#     to set the Java Heap base and to place the Java Heap above 4GB virtual address.
# This output file may be truncated or incomplete.
#
#  Out of Memory Error (os_windows.cpp:3548), pid=20340, tid=3936
#
# JRE version:  (17.0.12+8) (build )
# Java VM: Java HotSpot(TM) 64-Bit Server VM (17.0.12+8-LTS-286, mixed mode, sharing, tiered, compressed oops, compressed class ptrs, g1 gc, windows-amd64)
# No core dump will be written. Minidumps are not enabled by default on client versions of Windows
#

---------------  S U M M A R Y ------------

Command Line: -Dnet.bytebuddy.agent.attacher.dump= net.bytebuddy.agent.Attacher com.sun.tools.attach.VirtualMachine 3308 C:\Users\Admin\.m2\repository\net\bytebuddy\byte-buddy-agent\1.14.18\byte-buddy-agent-1.14.18.jar false 

Host: Intel(R) Core(TM) i3-2100 CPU @ 3.10GHz, 4 cores, 7G,  Windows 10 , 64 bit Build 19041 (10.0.19041.5915)
Time: Fri Apr 17 23:49:53 2026 Sri Lanka Standard Time elapsed time: 0.098461 seconds (0d 0h 0m 0s)

---------------  T H R E A D  ---------------

Current thread (0x000001bcf9a44060):  JavaThread "Unknown thread" [_thread_in_vm, id=3936, stack(0x0000004785f00000,0x0000004786000000)]

Stack: [0x0000004785f00000,0x0000004786000000]
Native frames: (J=compiled Java code, j=interpreted, Vv=VM code, C=native code)
V  [jvm.dll+0x67a04a]
V  [jvm.dll+0x7da4ed]
V  [jvm.dll+0x7dbe33]
V  [jvm.dll+0x7dc4a3]
V  [jvm.dll+0x24508f]
V  [jvm.dll+0x677089]
V  [jvm.dll+0x66bd32]
V  [jvm.dll+0x301fa6]
V  [jvm.dll+0x309546]
V  [jvm.dll+0x359d2e]
V  [jvm.dll+0x359f5f]
V  [jvm.dll+0x2d9078]
V  [jvm.dll+0x2d9fe4]
V  [jvm.dll+0x7aca21]
V  [jvm.dll+0x367591]
V  [jvm.dll+0x78b999]
V  [jvm.dll+0x3ec83f]
V  [jvm.dll+0x3ee471]
C  [jli.dll+0x5297]
C  [ucrtbase.dll+0x21bb2]
C  [KERNEL32.DLL+0x17374]
C  [ntdll.dll+0x4cc91]


---------------  P R O C E S S  ---------------

Threads class SMR info:
_java_thread_list=0x00007ff8ca927a18, length=0, elements={
}

Java Threads: ( => current thread )

Other Threads:
  0x000001bcf9aa1370 GCTaskThread "GC Thread#0" [stack: 0x0000004786000000,0x0000004786100000] [id=14052]
  0x000001bcf9ab2040 ConcurrentGCThread "G1 Main Marker" [stack: 0x0000004786100000,0x0000004786200000] [id=18668]
  0x000001bcf9ab2a50 ConcurrentGCThread "G1 Conc#0" [stack: 0x0000004786200000,0x0000004786300000] [id=15780]

[error occurred during error reporting (printing all threads), id 0xc0000005, EXCEPTION_ACCESS_VIOLATION (0xc0000005) at pc=0x00007ff8ca159b67]

VM state: not at safepoint (not fully initialized)

VM Mutex/Monitor currently owned by a thread:  ([mutex/lock_event])
[0x000001bcf9a40300] Heap_lock - owner thread: 0x000001bcf9a44060

Heap address: 0x0000000081400000, size: 2028 MB, Compressed Oops mode: 32-bit

CDS archive(s) mapped at: [0x0000000000000000-0x0000000000000000-0x0000000000000000), size 0, SharedBaseAddress: 0x0000000800000000, ArchiveRelocationMode: 1.
Narrow klass base: 0x0000000000000000, Narrow klass shift: 0, Narrow klass range: 0x0

GC Precious Log:
<Empty>

Heap:
 garbage-first heap   total 0K, used 0K [0x0000000081400000, 0x0000000100000000)
  region size 1024K, 0 young (0K), 0 survivors (0K)

[error occurred during error reporting (printing heap information), id 0xc0000005, EXCEPTION_ACCESS_VIOLATION (0xc0000005) at pc=0x00007ff8ca543859]

GC Heap History (0 events):
No events

Deoptimization events (0 events):
No events

Classes unloaded (0 events):
No events

Classes redefined (0 events):
No events

Internal exceptions (0 events):
No events

VM Operations (0 events):
No events

Events (1 events):
Event: 0.049 Loaded shared library C:\Program Files\Java\jdk-17\bin\java.dll


Dynamic libraries:
0x00007ff6566a0000 - 0x00007ff6566b0000 	C:\Program Files\Java\jdk-17\bin\java.exe
0x00007ff970fb0000 - 0x00007ff9711a8000 	C:\Windows\SYSTEM32\ntdll.dll
0x00007ff96f880000 - 0x00007ff96f942000 	C:\Windows\System32\KERNEL32.DLL
0x00007ff96ea50000 - 0x00007ff96ed46000 	C:\Windows\System32\KERNELBASE.dll
0x00007ff96e7a0000 - 0x00007ff96e8a0000 	C:\Windows\System32\ucrtbase.dll
0x00007ff9615f0000 - 0x00007ff961609000 	C:\Program Files\Java\jdk-17\bin\jli.dll
0x00007ff96f140000 - 0x00007ff96f1f1000 	C:\Windows\System32\ADVAPI32.dll
0x00007ff9707a0000 - 0x00007ff97083e000 	C:\Windows\System32\msvcrt.dll
0x00007ff96f0a0000 - 0x00007ff96f13f000 	C:\Windows\System32\sechost.dll
0x00007ff970e50000 - 0x00007ff970f70000 	C:\Windows\System32\RPCRT4.dll
0x00007ff96e8a0000 - 0x00007ff96e8c7000 	C:\Windows\System32\bcrypt.dll
0x00007ff9709f0000 - 0x00007ff970b91000 	C:\Windows\System32\USER32.dll
0x00007ff96ed50000 - 0x00007ff96ed72000 	C:\Windows\System32\win32u.dll
0x00007ff96f9c0000 - 0x00007ff96f9eb000 	C:\Windows\System32\GDI32.dll
0x00007ff96eeb0000 - 0x00007ff96efc9000 	C:\Windows\System32\gdi32full.dll
0x00007ff96e920000 - 0x00007ff96e9bd000 	C:\Windows\System32\msvcp_win.dll
0x00007ff9615d0000 - 0x00007ff9615eb000 	C:\Program Files\Java\jdk-17\bin\VCRUNTIME140.dll
0x00007ff95cc00000 - 0x00007ff95ce9b000 	C:\Windows\WinSxS\amd64_microsoft.windows.common-controls_6595b64144ccf1df_6.0.19041.6456_none_60b8a6cb71f64256\COMCTL32.dll
0x00007ff95d330000 - 0x00007ff95d33a000 	C:\Windows\SYSTEM32\VERSION.dll
0x00007ff970c70000 - 0x00007ff970c9f000 	C:\Windows\System32\IMM32.DLL
0x00007ff9615c0000 - 0x00007ff9615cc000 	C:\Program Files\Java\jdk-17\bin\vcruntime140_1.dll
0x00007ff961530000 - 0x00007ff9615be000 	C:\Program Files\Java\jdk-17\bin\msvcp140.dll
0x00007ff8c9e70000 - 0x00007ff8caa50000 	C:\Program Files\Java\jdk-17\bin\server\jvm.dll
0x00007ff9705f0000 - 0x00007ff9705f8000 	C:\Windows\System32\PSAPI.DLL
0x00007ff961520000 - 0x00007ff961529000 	C:\Windows\SYSTEM32\WSOCK32.dll
0x00007ff96f950000 - 0x00007ff96f9bb000 	C:\Windows\System32\WS2_32.dll
0x00007ff95cea0000 - 0x00007ff95cec7000 	C:\Windows\SYSTEM32\WINMM.dll
0x00007ff96c4d0000 - 0x00007ff96c4e2000 	C:\Windows\SYSTEM32\kernel.appcore.dll
0x00007ff961500000 - 0x00007ff96150a000 	C:\Program Files\Java\jdk-17\bin\jimage.dll
0x00007ff95d9e0000 - 0x00007ff95dbe1000 	C:\Windows\SYSTEM32\DBGHELP.DLL
0x00007ff95bc50000 - 0x00007ff95bc84000 	C:\Windows\SYSTEM32\dbgcore.DLL
0x00007ff96e9c0000 - 0x00007ff96ea42000 	C:\Windows\System32\bcryptPrimitives.dll
0x00007ff9614d0000 - 0x00007ff9614f5000 	C:\Program Files\Java\jdk-17\bin\java.dll

dbghelp: loaded successfully - version: 4.0.5 - missing functions: none
symbol engine: initialized successfully - sym options: 0x614 - pdb path: .;C:\Program Files\Java\jdk-17\bin;C:\Windows\SYSTEM32;C:\Windows\WinSxS\amd64_microsoft.windows.common-controls_6595b64144ccf1df_6.0.19041.6456_none_60b8a6cb71f64256;C:\Program Files\Java\jdk-17\bin\server

VM Arguments:
jvm_args: -Dnet.bytebuddy.agent.attacher.dump= 
java_command: net.bytebuddy.agent.Attacher com.sun.tools.attach.VirtualMachine 3308 C:\Users\Admin\.m2\repository\net\bytebuddy\byte-buddy-agent\1.14.18\byte-buddy-agent-1.14.18.jar false 
java_class_path (initial): C:\Users\Admin\.m2\repository\net\bytebuddy\byte-buddy-agent\1.14.18\byte-buddy-agent-1.14.18.jar
Launcher Type: SUN_STANDARD

[Global flags]
     intx CICompilerCount                          = 3                                         {product} {ergonomic}
     uint ConcGCThreads                            = 1                                         {product} {ergonomic}
     uint G1ConcRefinementThreads                  = 4                                         {product} {ergonomic}
   size_t G1HeapRegionSize                         = 1048576                                   {product} {ergonomic}
    uintx GCDrainStackTargetSize                   = 64                                        {product} {ergonomic}
   size_t InitialHeapSize                          = 134217728                                 {product} {ergonomic}
   size_t MarkStackSize                            = 4194304                                   {product} {ergonomic}
   size_t MaxHeapSize                              = 2126512128                                {product} {ergonomic}
   size_t MinHeapDeltaBytes                        = 1048576                                   {product} {ergonomic}
   size_t MinHeapSize                              = 8388608                                   {product} {ergonomic}
    uintx NonNMethodCodeHeapSize                   = 5832780                                {pd product} {ergonomic}
    uintx NonProfiledCodeHeapSize                  = 122912730                              {pd product} {ergonomic}
    uintx ProfiledCodeHeapSize                     = 122912730                              {pd product} {ergonomic}
    uintx ReservedCodeCacheSize                    = 251658240                              {pd product} {ergonomic}
     bool SegmentedCodeCache                       = true                                      {product} {ergonomic}
   size_t SoftMaxHeapSize                          = 2126512128                             {manageable} {ergonomic}
     bool UseCompressedClassPointers               = true                           {product lp64_product} {ergonomic}
     bool UseCompressedOops                        = true                           {product lp64_product} {ergonomic}
     bool UseG1GC                                  = true                                      {product} {ergonomic}
     bool UseLargePagesIndividualAllocation        = false                                  {pd product} {ergonomic}

Logging:
Log output configuration:
 #0: stdout all=warning uptime,level,tags
 #1: stderr all=off uptime,level,tags

Environment Variables:
JAVA_HOME=C:\Program Files\Java\jdk-17
PATH=C:\Program Files\Java\jdk-17\bin;C:\Program Files\Java\jdk-17\bin;C:\Program Files\Java\jdk-17\bin;C:\Program Files\Common Files\Oracle\Java\javapath;C:\Program Files (x86)\Common Files\Intel\Shared Files\cpp\bin\Intel64;C:\Windows\system32;C:\Windows;C:\Windows\System32\Wbem;C:\Windows\System32\WindowsPowerShell\v1.0\;C:\Windows\System32\OpenSSH\;C:\Program Files (x86)\Windows Kits\10\Windows Performance Toolkit\;C:\Program Files\Git\cmd;C:\Program Files\nodejs\;C:\Program Files\Java\jdk-17.0.12\bin;C:\Program Files\Java\jdk-17.0.12\bin;C:\Users\Admin\AppData\Local\Microsoft\WindowsApps;C:\Users\Admin\AppData\Local\Programs\Microsoft VS Code\bin;C:\Users\Admin\AppData\Roaming\npm;C:\Users\Admin\AppData\Local\GitHubDesktop\bin;C:\Users\Admin\AppData\Local\Programs\cursor\resources\app\bin;C:\Users\Admin\AppData\Local\Programs\Kiro\bin
USERNAME=Admin
LANG=en_US.UTF-8
OS=Windows_NT
PROCESSOR_IDENTIFIER=Intel64 Family 6 Model 42 Stepping 7, GenuineIntel



---------------  S Y S T E M  ---------------

OS:
 Windows 10 , 64 bit Build 19041 (10.0.19041.5915)
OS uptime: 1 days 1:41 hours

CPU: total 4 (initial active 4) (2 cores per cpu, 2 threads per core) family 6 model 42 stepping 7 microcode 0x2f, cx8, cmov, fxsr, ht, mmx, sse, sse2, sse3, ssse3, sse4.1, sse4.2, popcnt, tsc, tscinvbit, avx, clmul, vzeroupper, clflush

Memory: 4k page, system-wide physical 8104M (483M free)
TotalPageFile size 23286M (AvailPageFile size 21M)
current process WorkingSet (physical memory assigned to process): 10M, peak: 10M
current process commit charge ("private bytes"): 51M, peak: 179M

vm_info: Java HotSpot(TM) 64-Bit Server VM (17.0.12+8-LTS-286) for windows-amd64 JRE (17.0.12+8-LTS-286), built on Jun  5 2024 06:46:59 by "mach5one" with MS VC++ 17.6 (VS2022)

END.
